INIT axiom pel55_1
  + CNF 30 lits=1
  + CNF 29 lits=1
COPY 30: 52
COPY 29: 53
INIT axiom pel55_2_1
  + CNF 31 lits=1
COPY 31: 49
INIT axiom pel55_2_2
  + CNF 32 lits=1
COPY 32: 50
INIT axiom pel55_2_3
  + CNF 33 lits=1
COPY 33: 51
INIT axiom pel55_3
  + CNF 34 lits=4
COPY 34: 54
INIT axiom pel55_4
  + CNF 35 lits=2
COPY 35: 60
INIT axiom pel55_5
  + CNF 36 lits=2
COPY 36: 62
INIT axiom pel55_6
  + CNF 37 lits=2
COPY 37: 61
INIT axiom pel55_7
  + CNF 38 lits=2
COPY 38: 55
INIT axiom pel55_8
  + CNF 39 lits=2
COPY 39: 57
INIT axiom pel55_9
  + CNF 40 lits=2
COPY 40: 59
INIT axiom pel55_10
  + CNF 41 lits=1
COPY 41: 58
INIT axiom pel55_11
  + CNF 42 lits=1
COPY 42: 48
INIT conjecture pel55
  + CNF 43 lits=1
COPY 43: 56
GIVEN 48 i_0_1 gen=0 bw=0 fw=0 lits=1: (butler!=agatha)
GIVEN 56 i_0_2 gen=0 bw=0 fw=0 lits=1: (~killed(agatha,agatha))
GIVEN 49 i_0_3 gen=0 bw=0 fw=0 lits=1: (lives(agatha))
GIVEN 53 i_0_4 gen=0 bw=0 fw=0 lits=1: (killed(esk1_0,agatha))
GIVEN 50 i_0_5 gen=0 bw=0 fw=0 lits=1: (lives(butler))
GIVEN 51 i_0_6 gen=0 bw=0 fw=0 lits=1: (lives(charles))
GIVEN 52 i_0_7 gen=0 bw=0 fw=0 lits=1: (lives(esk1_0))
GIVEN 58 i_0_8 gen=0 bw=0 fw=0 lits=1: (~hates(X1,esk2_1(X1)))
GIVEN 62 i_0_9 gen=0 bw=0 fw=0 lits=2: (~richer(X1,X2)|~killed(X1,X2))
GIVEN 61 i_0_10 gen=0 bw=0 fw=0 lits=2: (~hates(agatha,X1)|~hates(charles,X1))
GIVEN 60 i_0_11 gen=0 bw=0 fw=0 lits=2: (hates(X1,X2)|~killed(X1,X2))
GIVEN 55 i_0_12 gen=0 bw=0 fw=0 lits=2: (X1=butler|hates(agatha,X1))
GIVEN 59 i_0_13 gen=0 bw=0 fw=0 lits=2: (hates(butler,X1)|~hates(agatha,X1))
GIVEN 57 i_0_14 gen=0 bw=0 fw=0 lits=2: (richer(X1,agatha)|hates(butler,X1))
GIVEN 54 i_0_15 gen=0 bw=0 fw=0 lits=4: (X1=charles|X1=butler|X1=agatha|~lives(X1))
COPY 49: 81
COPY 53: 82
COPY 50: 83
COPY 51: 84
COPY 52: 85
COPY 48: 86
COPY 56: 87
COPY 58: 88
COPY 62: 89
COPY 61: 90
COPY 60: 91
COPY 55: 92
COPY 59: 93
COPY 57: 94
COPY 54: 95
GIVEN 87 i_0_16 gen=0 bw=0 fw=0 lits=1: (~killed(agatha,agatha))
GIVEN 81 i_0_17 gen=0 bw=0 fw=0 lits=1: (lives(agatha))
GIVEN 82 i_0_18 gen=0 bw=0 fw=0 lits=1: (killed(esk1_0,agatha))
GIVEN 86 i_0_19 gen=0 bw=0 fw=0 lits=1: (butler!=agatha)
GIVEN 88 i_0_20 gen=0 bw=0 fw=0 lits=1: (~hates(X1,esk2_1(X1)))
GIVEN 89 i_0_21 gen=0 bw=0 fw=0 lits=2: (~richer(X1,X2)|~killed(X1,X2))
GIVEN 83 i_0_22 gen=0 bw=0 fw=0 lits=1: (lives(butler))
GIVEN 84 i_0_23 gen=0 bw=0 fw=0 lits=1: (lives(charles))
GIVEN 85 i_0_24 gen=0 bw=0 fw=0 lits=1: (lives(esk1_0))
GIVEN 90 i_0_25 gen=0 bw=0 fw=0 lits=2: (~hates(agatha,X1)|~hates(charles,X1))
GIVEN 91 i_0_26 gen=1 bw=0 fw=0 lits=2: (hates(X1,X2)|~killed(X1,X2))
  + GEN 108 lits=1
GIVEN 108 i_0_27 gen=0 bw=0 fw=0 lits=1: (hates(esk1_0,agatha))
GIVEN 92 i_0_28 gen=1 bw=0 fw=0 lits=2: (X1=butler|hates(agatha,X1))
  + GEN 111 lits=1
GIVEN 111 i_0_29 gen=1 bw=0 fw=0 lits=1: (esk2_1(agatha)=butler)
  + GEN 113 lits=1
GIVEN 113 i_0_30 gen=0 bw=0 fw=0 lits=1: (~hates(agatha,butler))
GIVEN 93 i_0_31 gen=1 bw=0 fw=0 lits=2: (hates(butler,X1)|~hates(agatha,X1))
  + GEN 117 lits=1
GIVEN 117 i_0_32 gen=1 bw=0 fw=0 lits=1: (~hates(agatha,esk2_1(butler)))
  + GEN 119 lits=1
GIVEN 119 i_0_33 gen=1 bw=1 fw=0 lits=1: (esk2_1(butler)=butler)
  - BW  120 lits=1
  + GEN 122 lits=1
GIVEN 122 i_0_34 gen=1 bw=0 fw=0 lits=1: (~hates(butler,butler))
  + GEN 124 lits=1
GIVEN 94 i_0_35 gen=1 bw=0 fw=0 lits=2: (richer(X1,agatha)|hates(butler,X1))
  + GEN 126 lits=2
GIVEN 126 i_0_36 gen=1 bw=0 fw=0 lits=2: (hates(butler,X1)|~killed(X1,agatha))
  + GEN 129 lits=1
GIVEN 95 i_0_37 gen=1 bw=0 fw=0 lits=4: (X1=agatha|X1=butler|X1=charles|~lives(X1))
  + GEN 132 lits=3
GIVEN 129 i_0_38 gen=0 bw=0 fw=0 lits=1: (hates(butler,esk1_0))
GIVEN 132 i_0_39 gen=5 bw=0 fw=1 lits=3: (esk1_0=charles|esk1_0=butler|esk1_0=agatha)
  + GEN 135 lits=3
  + GEN 136 lits=3
  + GEN 137 lits=3
  ! FW  138 lits=3
  + GEN 139 lits=3
  + GEN 140 lits=3
GIVEN 140 i_0_40 gen=0 bw=0 fw=0 lits=3: (esk1_0=agatha|esk1_0=butler|hates(butler,charles))
GIVEN 135 i_0_41 gen=4 bw=0 fw=1 lits=3: (esk1_0=agatha|esk1_0=butler|charles!=butler)
  + GEN 144 lits=3
  + GEN 145 lits=3
  ! FW  146 lits=3
  + GEN 147 lits=3
  + GEN 148 lits=2
GIVEN 148 i_0_42 gen=3 bw=0 fw=1 lits=2: (esk1_0=agatha|charles!=butler)
  + GEN 151 lits=1
  ! FW  152 lits=2
  + GEN 153 lits=2
  + GEN 154 lits=2
GIVEN 151 i_0_43 gen=0 bw=0 fw=0 lits=1: (charles!=butler)
GIVEN 136 i_0_44 gen=4 bw=0 fw=1 lits=3: (esk1_0=agatha|esk1_0=butler|charles!=agatha)
  + GEN 158 lits=3
  + GEN 159 lits=3
  ! FW  160 lits=3
  + GEN 161 lits=3
  + GEN 162 lits=2
GIVEN 162 i_0_45 gen=3 bw=0 fw=1 lits=2: (esk1_0=agatha|charles!=agatha)
  + GEN 165 lits=1
  ! FW  166 lits=2
  + GEN 167 lits=2
  + GEN 168 lits=2
GIVEN 165 i_0_46 gen=0 bw=0 fw=0 lits=1: (charles!=agatha)
GIVEN 137 i_0_47 gen=2 bw=0 fw=0 lits=3: (esk1_0=agatha|esk1_0=butler|killed(charles,agatha))
  + GEN 171 lits=3
  + GEN 172 lits=3
GIVEN 139 i_0_48 gen=1 bw=0 fw=0 lits=3: (esk1_0=agatha|esk1_0=butler|hates(charles,agatha))
  + GEN 174 lits=3
GIVEN 174 i_0_49 gen=1 bw=0 fw=0 lits=3: (esk1_0=butler|esk1_0=agatha|~hates(agatha,agatha))
  + GEN 177 lits=2
GIVEN 177 i_0_50 gen=4 bw=0 fw=1 lits=2: (esk1_0=agatha|esk1_0=butler)
  + GEN 179 lits=2
  + GEN 180 lits=2
  ! FW  181 lits=2
  + GEN 182 lits=2
  + GEN 183 lits=1
GIVEN 183 i_0_51 gen=0 bw=5 fw=0 lits=1: (esk1_0=agatha)
  - BW  184 lits=2
  - BW  185 lits=1
  - BW  186 lits=1
  - BW  187 lits=1
  - BW  188 lits=1
PROOF 188 43 183 122 177 129 119 42 174 126 38 117 139 37 39 36 40 41 132 108 30 34 29 35
