INIT axiom pel55_1
  + CNF 30 lits=1: (lives(esk1_0))
  + CNF 29 lits=1: (killed(esk1_0,agatha))
COPY 30: 52
COPY 29: 53
INIT axiom pel55_2_1
  + CNF 31 lits=1: (lives(agatha))
COPY 31: 49
INIT axiom pel55_2_2
  + CNF 32 lits=1: (lives(butler))
COPY 32: 50
INIT axiom pel55_2_3
  + CNF 33 lits=1: (lives(charles))
COPY 33: 51
INIT axiom pel55_3
  + CNF 34 lits=4: (X1=agatha|X1=butler|X1=charles|~lives(X1))
COPY 34: 54
INIT axiom pel55_4
  + CNF 35 lits=2: (hates(X1,X2)|~killed(X1,X2))
COPY 35: 60
INIT axiom pel55_5
  + CNF 36 lits=2: (~killed(X1,X2)|~richer(X1,X2))
COPY 36: 62
INIT axiom pel55_6
  + CNF 37 lits=2: (~hates(agatha,X1)|~hates(charles,X1))
COPY 37: 61
INIT axiom pel55_7
  + CNF 38 lits=2: (X1=butler|hates(agatha,X1))
COPY 38: 55
INIT axiom pel55_8
  + CNF 39 lits=2: (richer(X1,agatha)|hates(butler,X1))
COPY 39: 57
INIT axiom pel55_9
  + CNF 40 lits=2: (hates(butler,X1)|~hates(agatha,X1))
COPY 40: 59
INIT axiom pel55_10
  + CNF 41 lits=1: (~hates(X1,esk2_1(X1)))
COPY 41: 58
INIT axiom pel55_11
  + CNF 42 lits=1: (agatha!=butler)
COPY 42: 48
INIT conjecture pel55
  + CNF 43 lits=1: (~killed(agatha,agatha))
COPY 43: 56
GIVEN 49 i_0_1 gen=0 bw=0 fw=0 lits=1: (lives(agatha))
GIVEN 50 i_0_2 gen=0 bw=0 fw=0 lits=1: (lives(butler))
GIVEN 51 i_0_3 gen=0 bw=0 fw=0 lits=1: (lives(charles))
GIVEN 48 i_0_4 gen=0 bw=0 fw=0 lits=1: (agatha!=butler)
GIVEN 52 i_0_5 gen=0 bw=0 fw=0 lits=1: (lives(esk1_0))
GIVEN 53 i_0_6 gen=0 bw=0 fw=0 lits=1: (killed(esk1_0,agatha))
GIVEN 60 i_0_7 gen=0 bw=0 fw=0 lits=2: (hates(X1,X2)|~killed(X1,X2))
GIVEN 56 i_0_8 gen=0 bw=0 fw=0 lits=1: (~killed(agatha,agatha))
GIVEN 55 i_0_9 gen=0 bw=0 fw=0 lits=2: (X1=butler|hates(agatha,X1))
GIVEN 59 i_0_10 gen=2 bw=0 fw=0 lits=2: (hates(butler,X1)|~hates(agatha,X1))
  + GEN 75 lits=2: (hates(butler,X1)|~killed(agatha,X1))
  + GEN 76 lits=2: (hates(butler,X1)|X1=butler)
GIVEN 76 i_0_11 gen=0 bw=0 fw=0 lits=2: (X1=butler|hates(butler,X1))
GIVEN 58 i_0_12 gen=3 bw=0 fw=0 lits=1: (~hates(X1,esk2_1(X1)))
  + GEN 79 lits=1: (esk2_1(butler)=butler)
  + GEN 80 lits=1: (esk2_1(agatha)=butler)
  + GEN 81 lits=1: (~killed(X1,esk2_1(X1)))
GIVEN 79 i_0_13 gen=1 bw=0 fw=0 lits=1: (esk2_1(butler)=butler)
  + GEN 83 lits=1: (~hates(butler,butler))
GIVEN 80 i_0_14 gen=1 bw=0 fw=0 lits=1: (esk2_1(agatha)=butler)
  + GEN 85 lits=1: (~hates(agatha,butler))
GIVEN 75 i_0_15 gen=1 bw=0 fw=0 lits=2: (hates(butler,X1)|~killed(agatha,X1))
  + GEN 88 lits=1: (~killed(agatha,butler))
GIVEN 81 i_0_16 gen=2 bw=0 fw=0 lits=1: (~killed(X1,esk2_1(X1)))
  + GEN 90 lits=1: (~killed(butler,butler))
  + GEN 91 lits=1: (~killed(agatha,butler))
GIVEN 57 i_0_17 gen=0 bw=0 fw=0 lits=2: (richer(X1,agatha)|hates(butler,X1))
GIVEN 54 i_0_18 gen=1 bw=0 fw=0 lits=4: (X1=agatha|X1=butler|X1=charles|~lives(X1))
  + GEN 95 lits=3: (agatha=esk1_0|esk1_0=butler|esk1_0=charles)
GIVEN 95 i_0_19 gen=7 bw=0 fw=2 lits=3: (agatha=esk1_0|esk1_0=butler|esk1_0=charles)
  ! FW  97 lits=3: (esk1_0=butler|esk1_0=charles|esk1_0!=butler)
  ! FW  98 lits=3: ($true|esk1_0=butler|esk1_0=charles)
  + GEN 99 lits=3: (killed(esk1_0,esk1_0)|esk1_0=butler|esk1_0=charles)
  + GEN 100 lits=4: (hates(esk1_0,X1)|X1=butler|esk1_0=butler|esk1_0=charles)
  + GEN 101 lits=2: (esk1_0=butler|esk1_0=charles)
  + GEN 102 lits=3: (esk1_0=butler|esk1_0=charles|~killed(agatha,esk1_0))
  + GEN 103 lits=4: (richer(X1,esk1_0)|hates(butler,X1)|esk1_0=butler|esk1_0=charles)
  + GEN 104 lits=4: (hates(butler,X1)|esk1_0=butler|esk1_0=charles|~hates(esk1_0,X1))
  + GEN 105 lits=3: (esk2_1(esk1_0)=butler|esk1_0=butler|esk1_0=charles)
GIVEN 83 i_0_20 gen=2 bw=0 fw=0 lits=1: (~hates(butler,butler))
  + GEN 107 lits=1: (~killed(butler,butler))
  + GEN 108 lits=1: (~killed(agatha,butler))
GIVEN 101 i_0_21 gen=2 bw=0 fw=1 lits=2: (esk1_0=butler|esk1_0=charles)
  + GEN 110 lits=2: (esk1_0=butler|charles!=butler)
  ! FW  111 lits=2: ($true|esk1_0=butler)
  + GEN 112 lits=2: (killed(charles,agatha)|esk1_0=butler)
GIVEN 110 i_0_22 gen=1 bw=0 fw=2 lits=2: (esk1_0=butler|charles!=butler)
  ! FW  115 lits=2: ($true|charles!=butler)
  + GEN 116 lits=2: (killed(butler,agatha)|charles!=butler)
  ! FW  117 lits=3: (charles=butler|esk1_0=butler|charles!=butler)
GIVEN 116 i_0_23 gen=0 bw=0 fw=0 lits=2: (killed(butler,agatha)|charles!=butler)
GIVEN 85 i_0_24 gen=1 bw=0 fw=0 lits=1: (~hates(agatha,butler))
  + GEN 121 lits=1: (~killed(agatha,butler))
GIVEN 112 i_0_25 gen=0 bw=0 fw=0 lits=2: (esk1_0=butler|killed(charles,agatha))
GIVEN 88 i_0_26 gen=0 bw=0 fw=0 lits=1: (~killed(agatha,butler))
GIVEN 90 i_0_27 gen=0 bw=0 fw=0 lits=1: (~killed(butler,butler))
GIVEN 62 i_0_28 gen=1 bw=0 fw=0 lits=2: (~richer(X1,X2)|~killed(X1,X2))
  + GEN 126 lits=2: (hates(butler,X1)|~killed(X1,agatha))
GIVEN 126 i_0_29 gen=2 bw=0 fw=0 lits=2: (hates(butler,X1)|~killed(X1,agatha))
  + GEN 129 lits=1: (~killed(butler,agatha))
  + GEN 130 lits=1: (~killed(butler,agatha))
GIVEN 129 i_0_30 gen=1 bw=0 fw=0 lits=1: (~killed(butler,agatha))
  + GEN 132 lits=1: (charles!=butler)
GIVEN 132 i_0_31 gen=0 bw=0 fw=0 lits=1: (charles!=butler)
GIVEN 61 i_0_32 gen=2 bw=0 fw=0 lits=2: (~hates(agatha,X1)|~hates(charles,X1))
  + GEN 135 lits=2: (~hates(charles,X1)|~killed(agatha,X1))
  + GEN 136 lits=2: (X1=butler|~hates(charles,X1))
GIVEN 136 i_0_33 gen=1 bw=0 fw=0 lits=2: (X1=butler|~hates(charles,X1))
  + GEN 139 lits=2: (X1=butler|~killed(charles,X1))
GIVEN 139 i_0_34 gen=1 bw=0 fw=0 lits=2: (X1=butler|~killed(charles,X1))
  + GEN 142 lits=1: (esk1_0=butler)
GIVEN 135 i_0_35 gen=1 bw=0 fw=0 lits=2: (~hates(charles,X1)|~killed(agatha,X1))
  + GEN 144 lits=2: (~killed(agatha,X1)|~killed(charles,X1))
GIVEN 142 i_0_36 gen=0 bw=4 fw=0 lits=1: (esk1_0=butler)
  - BW  145 lits=2: (esk1_0=butler|killed(charles,agatha))
  - BW  146 lits=2: (esk1_0=butler|esk1_0=charles)
  - BW  147 lits=1: (killed(esk1_0,agatha))
  - BW  148 lits=1: (lives(esk1_0))
PROOF 147 129 142 79 126 42 112 139 76 41 39 36 101 35 136 40 29 95 43 38 37 30 34
